[electricsuper.com.au/index.html]
[backblue.gif]
[fade.gif]
[index.html]
[electricsuper.com.au/app/themes/tde/assets/img/favicon/apple-icon-57x57.png]
[electricsuper.com.au/app/themes/tde/assets/img/favicon/apple-icon-60x60.png]
[electricsuper.com.au/app/themes/tde/assets/img/favicon/apple-icon-72x72.png]
[electricsuper.com.au/app/themes/tde/assets/img/favicon/apple-icon-76x76.png]
[electricsuper.com.au/app/themes/tde/assets/img/favicon/apple-icon-114x114.png]
[electricsuper.com.au/app/themes/tde/assets/img/favicon/apple-icon-120x120.png]
[electricsuper.com.au/app/themes/tde/assets/img/favicon/apple-icon-144x144.png]
[electricsuper.com.au/app/themes/tde/assets/img/favicon/apple-icon-152x152.png]
[electricsuper.com.au/app/themes/tde/assets/img/favicon/apple-icon-180x180.png]
[electricsuper.com.au/app/themes/tde/assets/img/favicon/android-icon-192x192.png]
[electricsuper.com.au/app/themes/tde/assets/img/favicon/favicon-32x32.png]
[electricsuper.com.au/app/themes/tde/assets/img/favicon/favicon-96x96.png]
[electricsuper.com.au/app/themes/tde/assets/img/favicon/favicon-16x16.png]
[electricsuper.com.au/app/themes/tde/assets/img/favicon/manifest.json]
[electricsuper.com.au/app/themes/tde/assets/img/favicon/ms-icon-144x144.png]
[electricsuper.com.au/wp/wp-includes/css/dist/block-library/style.min9f31.css]
[electricsuper.com.au/feed/index.html]
[electricsuper.com.au/app/plugins/your-chat/dist/styles/styles.min9f31.css]
[electricsuper.com.au/app/themes/tde/style9f31.css]
[electricsuper.com.au/app/themes/tde/assets/font/fontello/css/fontello9f31.css]
[electricsuper.com.au/app/themes/tde/assets/font/star/css/star9f31.css]
[electricsuper.com.au/app/themes/tde/dist/css/main.mina65c.css]
[electricsuper.com.au/app/themes/tde/assets/js/vendor/modernizr9f31.js]
[electricsuper.com.au/app/themes/tde/assets/img/logo/eiss-logo-blue-v2.png]
[electricsuper.com.au/app/themes/tde/assets/img/logo/eiss-logo-white-v2.png]
[electricsuper.com.au/app/uploads/2020/11/shutterstock_554781082-1920x0-c-default.jpg]
[electricsuper.com.au/app/uploads/2021/03/glenn-carstens-peters-npxXWgQ33ZQ-unsplash-1920x0-c-default.jpg]
[electricsuper.com.au/app/uploads/2019/02/icon-investment.svg]
[electricsuper.com.au/meet-with-us/index.html]
[electricsuper.com.au/super/my-journey-become-a-member/index.html]
[electricsuper.com.au/super/index.html]
[electricsuper.com.au/app/uploads/2019/02/icon-fees.svg]
[electricsuper.com.au/super/services/index.html]
[electricsuper.com.au/super/spouse/index.html]
[electricsuper.com.au/super/contributions/index.html]
[electricsuper.com.au/app/uploads/2019/02/icon-services.svg]
[electricsuper.com.au/super/consolidate/index.html]
[electricsuper.com.au/super/insurance/index.html]
[electricsuper.com.au/super/beneficiaries/index.html]
[electricsuper.com.au/super/insurance/death-tpd/index.html]
[electricsuper.com.au/super/insurance/income-protection/index.html]
[electricsuper.com.au/app/uploads/2020/11/Video-Thumbnail-1920x0-c-default.png]
[electricsuper.com.au/super/life-changes/index.html]
[electricsuper.com.au/super/life-changes/changing-jobs/index.html]
[electricsuper.com.au/app/uploads/2019/02/EISS_026-600x0-c-default.jpg]
[electricsuper.com.au/super/life-changes/buying-a-home/index.html]
[electricsuper.com.au/super/life-changes/marriage-family/index.html]
[electricsuper.com.au/app/uploads/2019/02/150922_SPN_WOMEN_2664-600x0-c-default.jpg]
[electricsuper.com.au/super/life-changes/separation-divorce/index.html]
[electricsuper.com.au/super/life-changes/financial-hardship/index.html]
[electricsuper.com.au/retirement/index.html]
[electricsuper.com.au/app/uploads/2019/01/EISS_029-600x0-c-default.jpg]
[electricsuper.com.au/retirement/how-much-will-i-need/index.html]
[electricsuper.com.au/retirement/income/retirement-income-stream/index.html]
[electricsuper.com.au/retirement/income/index.html]
[electricsuper.com.au/app/uploads/2019/01/EISS_005-600x0-c-default.jpg]
[electricsuper.com.au/retirement/income/transition-to-retirement/index.html]
[electricsuper.com.au/retirement/social-services/index.html]
[electricsuper.com.au/retirement/advice/index.html]
[electricsuper.com.au/retirement/lifestyle/index.html]
[electricsuper.com.au/app/uploads/2019/02/190206_SPN_VICTOR_0069-1920x0-c-default.jpg]
[electricsuper.com.au/investments/index.html]
[electricsuper.com.au/investments/performance/index.html]
[electricsuper.com.au/investments/options/index.html]
[electricsuper.com.au/app/uploads/2019/02/ardrossan-1920x0-c-default.jpg]
[electricsuper.com.au/investments/your-investment-style/index.html]
[electricsuper.com.au/app/themes/tde/assets/img/logo.svg]
[electricsuper.com.au/resources/index.html]
[electricsuper.com.au/resources/planning-tools/index.html]
[electricsuper.com.au/resources/forms-publications/index.html]
[electricsuper.com.au/resources/faqs/index.html]
[electricsuper.com.au/about-us/fees/index.html]
[electricsuper.com.au/about-us/governance/index.html]
[electricsuper.com.au/about-us/index.html]
[electricsuper.com.au/resources/electricsuper-library/index.html]
[electricsuper.com.au/app/uploads/2021/04/LI-Logo.png]
[electricsuper.com.au/about-us/accumulation-scheme/index.html]
[electricsuper.com.au/app/uploads/2018/11/sa-power-networks.png]
[electricsuper.com.au/contact/index.html]
[electricsuper.com.au/my-journey-preparing-to-retire/index.html]
[electricsuper.com.au/my-journey-working/index.html]
[electricsuper.com.au/app/uploads/2018/11/electranet.png]
[electricsuper.com.au/app/uploads/2018/11/agl.png]
[electricsuper.com.au/my-journey-retired/index.html]
[electricsuper.com.au/app/uploads/2018/11/engie.png]
[electricsuper.com.au/app/uploads/2018/11/energy-australia.png]
[electricsuper.com.au/app/uploads/2018/11/mercer.png]
[electricsuper.com.au/app/uploads/2019/10/Privacy-and-Disclosure-of-Information-Policy-October-2019.pdf]
[electricsuper.com.au/app/themes/tde/assets/img/tde-logo-navy-nokeyline.svg]
[electricsuper.com.au/app/plugins/your-chat/dist/scripts/vendor.bundle8daf.js]
[electricsuper.com.au/app/plugins/your-chat/dist/scripts/main.bundle8daf.js]
[electricsuper.com.au/wp/wp-includes/js/imagesloaded.mineda1.js]
[electricsuper.com.au/wp/wp-includes/js/masonry.min3a05.js]
[electricsuper.com.au/app/themes/tde/assets/js/vendor/jquery.vide8a54.js]
[electricsuper.com.au/app/themes/tde/assets/js/vendor/owl.carousel8a54.js]
[electricsuper.com.au/app/themes/tde/assets/js/vendor/retina8a54.js]
[electricsuper.com.au/app/themes/tde/dist/js/vendor.bundle.minb17c.js]
[electricsuper.com.au/index.html]
[electricsuper.com.au/wp/xmlrpc.php]
[electricsuper.com.au/wp/wp-includes/css/dist/block-library/style.min9f31.css]
[electricsuper.com.au/app/plugins/your-chat/dist/styles/styles.min9f31.css]
[electricsuper.com.au/app/themes/tde/style9f31.css]
[electricsuper.com.au/app/themes/tde/dist/js/app.bundle.minb17c.js]
[electricsuper.com.au/app/themes/tde/assets/font/fontello/font/fontello91ab.eot]
[electricsuper.com.au/app/themes/tde/assets/font/fontello/font/fontello91ab.woff2]
[electricsuper.com.au/app/themes/tde/assets/font/fontello/font/fontello91ab.woff]
[electricsuper.com.au/app/themes/tde/assets/font/fontello/font/fontello91ab.ttf]
[electricsuper.com.au/app/themes/tde/assets/font/fontello/font/fontello91ab.svg]
[electricsuper.com.au/app/themes/tde/assets/font/fontello/css/fontello9f31.css]
[electricsuper.com.au/app/themes/tde/assets/font/star/font/star.eot]
[electricsuper.com.au/app/themes/tde/assets/font/star/font/stard41d.eot]
[electricsuper.com.au/app/themes/tde/assets/font/star/font/star.woff]
[electricsuper.com.au/app/themes/tde/assets/font/star/font/star.ttf]
[electricsuper.com.au/app/themes/tde/assets/font/star/font/star.svg]
[electricsuper.com.au/app/themes/tde/assets/font/star/css/star9f31.css]
[electricsuper.com.au/app/themes/tde/dist/css/main.mina65c.css]
[electricsuper.com.au/wp/wp-admin/admin-ajax.html]
[electricsuper.com.au/app/uploads/2019/02/170904_SPN_PTAUGUSTA_1738-1920x0-c-default.jpg]
[electricsuper.com.au/app/uploads/2019/02/170904_SPN_PTAUGUSTA_1587-1920x0-c-default.jpg]
[electricsuper.com.au/app/uploads/2019/02/EISS_014-1920x0-c-default.jpg]
[electricsuper.com.au/meet-with-us/index.html]
[electricsuper.com.au/app/uploads/2019/02/170904_SPN_PTAUGUSTA_1277-1920x0-c-default.jpg]
[electricsuper.com.au/app/uploads/2019/02/EISS_026-1920x0-c-default.jpg]
[electricsuper.com.au/app/uploads/2019/02/ASB1586-SAPN-CITY-aRGB-HI-049-1920x0-c-default.jpg]
[electricsuper.com.au/app/uploads/2019/01/contributions-1920x0-c-default.jpg]
[electricsuper.com.au/app/uploads/2019/03/APS-Power-Station-2013-1920x0-c-default.jpg]
[electricsuper.com.au/app/uploads/2019/03/EISS_077-1920x0-c-default.jpg]
[electricsuper.com.au/app/uploads/2019/02/ASB1586-SAPN-CITY-aRGB-HI-066-1920x0-c-default.jpg]
[electricsuper.com.au/app/uploads/2019/02/170904_SPN_PTAUGUSTA_1782-1920x0-c-default.jpg]
[electricsuper.com.au/app/uploads/2019/02/iStock_000045494586_Medium-1920x0-c-default.jpg]
[electricsuper.com.au/app/uploads/2019/01/make-contribution-1920x0-c-default.jpg]
[electricsuper.com.au/resources/completing-proof-of-identity/index.html]
[electricsuper.com.au/super/index.html]
[electricsuper.com.au/app/uploads/2019/01/EISS_027-1920x0-c-default.jpg]
[electricsuper.com.au/app/uploads/2020/01/ChoiceOfFund_EISS.pdf]
[electricsuper.com.au/app/uploads/2020/01/Compliance-Information.pdf]
[electricsuper.com.au/app/uploads/2019/01/investment-1920x0-c-default.jpg]
[electricsuper.com.au/app/uploads/2018/12/EISS_041-1920x0-c-default.jpg]
[electricsuper.com.au/app/uploads/2019/02/EISS_073-1920x0-c-default.jpg]
[electricsuper.com.au/app/uploads/2019/02/170904_SPN_PTAUGUSTA_1935-600x0-c-default.jpg]
[electricsuper.com.au/app/uploads/2019/01/make-contribution-600x0-c-default.jpg]
[electricsuper.com.au/app/uploads/2019/02/ardrossan-600x0-c-default.jpg]
[electricsuper.com.au/super/my-journey-become-a-member/index.html]
[electricsuper.com.au/app/uploads/2018/12/EISS_041-600x0-c-default.jpg]
[electricsuper.com.au/app/uploads/2019/02/EISS_073-600x0-c-default.jpg]
[electricsuper.com.au/app/uploads/2019/02/ASB1586-SAPN-CITY-aRGB-HI-066-600x0-c-default.jpg]
[electricsuper.com.au/super/services/index.html]
[electricsuper.com.au/app/uploads/2021/01/Youtube-Poster-VoluntaryContributions-1920x0-c-default.jpg]
[electricsuper.com.au/app/uploads/2019/03/EISS_004-1-1920x0-c-default.jpg]
[electricsuper.com.au/app/uploads/2019/03/EISS_011-1920x0-c-default.jpg]
[electricsuper.com.au/app/uploads/2019/01/EISS_024-1920x0-c-default.jpg]
[electricsuper.com.au/app/uploads/2019/03/EISS_077-600x0-c-default.jpg]
[electricsuper.com.au/resources/vary-regular-contributions/index.html]
[electricsuper.com.au/app/uploads/2019/02/190206_SPN_VICTOR_0256-600x0-c-default.jpg]
[electricsuper.com.au/super/contributions/index.html]
[electricsuper.com.au/app/uploads/2018/12/EISS_046-1920x0-c-default.jpg]
[electricsuper.com.au/app/uploads/2021/06/Contribution_Splitting.pdf]
[electricsuper.com.au/app/uploads/2018/12/EISS_052-1920x0-c-default.jpg]
[electricsuper.com.au/app/uploads/2018/12/EISS_045-1920x0-c-default.jpg]
[electricsuper.com.au/app/uploads/2019/01/contributions-600x0-c-default.jpg]
[electricsuper.com.au/app/uploads/2019/02/iStock_000045494586_Medium-600x0-c-default.jpg]
[electricsuper.com.au/app/uploads/2019/01/happyfamily-600x0-c-default.jpg]
[electricsuper.com.au/super/spouse/index.html]
[electricsuper.com.au/app/uploads/2020/01/238880_ETSAC_Rollover_p_V2.pdf]
[electricsuper.com.au/app/uploads/2019/03/APS-Power-Station-2013-600x0-c-default.jpg]
[electricsuper.com.au/super/consolidate/index.html]
[electricsuper.com.au/app/uploads/2019/02/190206_SPN_VICTOR_0256-1920x0-c-default.jpg]
[electricsuper.com.au/app/uploads/2021/05/Binding-Death-Benefit-Nomination.pdf]
[electricsuper.com.au/super/beneficiaries/index.html]
[electricsuper.com.au/app/uploads/2019/01/EISS_003-600x0-c-default.jpg]
[electricsuper.com.au/app/uploads/2019/03/DSC_7720-600x0-c-default.jpg]
[electricsuper.com.au/app/uploads/2021/05/Increase_Insurance-Life-Event-Form.pdf]
[electricsuper.com.au/app/uploads/2019/01/EISS_056-1920x0-c-default.jpg]
[electricsuper.com.au/super/insurance/index.html]
[electricsuper.com.au/app/uploads/2019/01/EISS_003-1920x0-c-default.jpg]
[electricsuper.com.au/app/uploads/2021/05/Adjusting-Insurance-Cover-Form.pdf]
[electricsuper.com.au/app/uploads/2021/05/Insurance-Cover-Retained-and-Spouse-Form.pdf]
[electricsuper.com.au/resources/accumulation-scheme-retained-insurance-benefits/index.html]
[electricsuper.com.au/app/uploads/2020/08/247217-ElectricSuper-Increase-Insurance-Life-Event-Form-Aug-2020.pdf]
[electricsuper.com.au/resources/accumulation-scheme-spouse-insurance-benefits/index.html]
[electricsuper.com.au/app/uploads/2018/12/EISS_068-1920x0-c-default.jpg]
[electricsuper.com.au/super/insurance/death-tpd/index.html]
[electricsuper.com.au/app/uploads/2019/03/DSC_7720-1920x0-c-default.jpg]
[electricsuper.com.au/app/uploads/2019/02/WaterlooSub_07-1920x0-c-default.jpg]
[electricsuper.com.au/app/uploads/2020/01/238889_Adjusting-your-insurance-cover-retainedspouse_V3a.pdf]
[electricsuper.com.au/resources/accumulation-scheme-division-5-insurance-benefits/index.html]
[electricsuper.com.au/super/insurance/income-protection/index.html]
[electricsuper.com.au/app/uploads/2019/03/0Y6A6665-1-600x0-c-default.jpg]
[electricsuper.com.au/app/uploads/2018/12/EISS_040-1-600x0-c-default.jpg]
[electricsuper.com.au/app/uploads/2019/01/EISS_056-600x0-c-default.jpg]
[electricsuper.com.au/app/uploads/2019/03/EISS_025-600x0-c-default.jpg]
[electricsuper.com.au/super/life-changes/index.html]
[electricsuper.com.au/app/uploads/2019/03/0Y6A6665-1-1920x0-c-default.jpg]
[electricsuper.com.au/super/life-changes/changing-jobs/index.html]
[electricsuper.com.au/app/uploads/2018/12/EISS_040-1-1920x0-c-default.jpg]
[electricsuper.com.au/app/uploads/2019/02/EISS_035-1920x0-c-default.jpg]
[electricsuper.com.au/app/uploads/2020/01/238887_ETSAC_Request-to-Increase-Insurance-Life-Event_p_V2.pdf]
[electricsuper.com.au/super/life-changes/buying-a-home/index.html]
[electricsuper.com.au/app/uploads/2019/01/happyfamily-1920x0-c-default.jpg]
[electricsuper.com.au/app/uploads/2019/02/EISS_015-1920x0-c-default.jpg]
[electricsuper.com.au/app/uploads/2019/02/EISS_030-1920x0-c-default.jpg]
[electricsuper.com.au/super/life-changes/marriage-family/index.html]
[electricsuper.com.au/app/uploads/2019/02/IMG_0888-1920x0-c-default.jpg]
[electricsuper.com.au/app/uploads/2019/02/IMG_0881-1920x0-c-default.jpg]
[electricsuper.com.au/app/uploads/2019/01/EISS_065-1920x0-c-default.jpg]
[electricsuper.com.au/super/life-changes/separation-divorce/index.html]
[electricsuper.com.au/app/uploads/2019/03/EISS_025-1920x0-c-default.jpg]
[electricsuper.com.au/app/uploads/2019/01/EISS_064-1920x0-c-default.jpg]
[electricsuper.com.au/super/life-changes/financial-hardship/index.html]
[electricsuper.com.au/app/uploads/2019/01/EISS_005-1920x0-c-default.jpg]
[electricsuper.com.au/app/uploads/2018/12/EISS_051-1920x0-c-default.jpg]
[electricsuper.com.au/retirement/index.html]
[electricsuper.com.au/app/uploads/2019/01/budget-1920x0-c-default.jpg]
[electricsuper.com.au/app/uploads/2019/02/170904_SPN_PTAUGUSTA_1738-600x0-c-default.jpg]
[electricsuper.com.au/app/uploads/2018/12/EISS_068-600x0-c-default.jpg]
[electricsuper.com.au/retirement/how-much-will-i-need/index.html]
[electricsuper.com.au/app/uploads/2019/01/EISS_062-1920x0-c-default.jpg]
[electricsuper.com.au/app/uploads/2019/01/EISS_029-1920x0-c-default.jpg]
[electricsuper.com.au/retirement/income/index.html]
[electricsuper.com.au/app/uploads/2019/01/ETSAC_IncomeStreamBooklet.pdf]
[electricsuper.com.au/app/uploads/2019/01/retirement-img-1920x0-c-default.jpg]
[electricsuper.com.au/retirement/income/retirement-income-stream/index.html]
[electricsuper.com.au/retirement/income/transition-to-retirement/index.html]
[electricsuper.com.au/app/uploads/2019/01/investment-600x0-c-default.jpg]
[electricsuper.com.au/app/uploads/2019/01/EISS_062-600x0-c-default.jpg]
[electricsuper.com.au/retirement/advice/index.html]
[electricsuper.com.au/app/uploads/2019/01/AHRC-300x272-600x0-c-default.jpg]
[electricsuper.com.au/app/uploads/2021/04/ServicesAust2-600x0-c-default.png]
[electricsuper.com.au/app/uploads/2019/01/tax-office-600x0-c-default.png]
[electricsuper.com.au/app/uploads/2019/01/centrelink_large-600x0-c-default.png]
[electricsuper.com.au/app/uploads/2021/04/moneysmart2-600x0-c-default.png]
[electricsuper.com.au/app/uploads/2019/01/logo-myagedcare-600x0-c-default.jpg]
[electricsuper.com.au/app/uploads/2019/01/be_connected_logo2-600x0-c-default.png]
[electricsuper.com.au/retirement/social-services/index.html]
[electricsuper.com.au/app/uploads/2019/03/Dollarphotoclub_100501423-1920x0-c-default.jpg]
[electricsuper.com.au/app/uploads/2019/03/DeathtoStock_EnergyandSerenity4-1920x0-c-default.jpg]
[electricsuper.com.au/app/uploads/2019/01/accessingsuper-1920x0-c-default.jpg]
[electricsuper.com.au/app/uploads/2018/12/EISS_051-600x0-c-default.jpg]
[electricsuper.com.au/retirement/lifestyle/index.html]
[electricsuper.com.au/app/uploads/2019/02/waterloo2-1920x0-c-default.jpg]
[electricsuper.com.au/app/uploads/2021/02/Investing-in-your-futrure-video-1920x0-c-default.png]
[electricsuper.com.au/app/uploads/2021/02/matthew-henry-yETqkLnhsUI-unsplash-1920x0-c-default.jpg]
[electricsuper.com.au/investments/index.html]
[electricsuper.com.au/app/uploads/2019/02/150922_SPN_WOMEN_2664-1920x0-c-default.jpg]
[electricsuper.com.au/resources/investment-choice/index.html]
[electricsuper.com.au/app/uploads/2019/03/EISS_004-1920x0-c-default.jpg]
[electricsuper.com.au/app/uploads/2021/05/Accumulation-Scheme-Changing-investment-options.pdf]
[electricsuper.com.au/app/uploads/2021/06/Lump-Sum-and-RG-Schemes-Changing-investment-options.pdf]
[electricsuper.com.au/app/uploads/2021/06/Pension-Scheme-Changing-investment-options.pdf]
[electricsuper.com.au/app/uploads/2021/06/Income-Stream-Changing-investment-option.pdf]
[electricsuper.com.au/investments/options/index.html]
[electricsuper.com.au/investments/performance/index.html]
[electricsuper.com.au/app/uploads/2021/02/christin-hume-Hcfwew744z4-unsplash-1920x0-c-default.jpg]
[electricsuper.com.au/app/uploads/2021/02/Very-confident-300x300.png]
[electricsuper.com.au/app/uploads/2021/02/Confident-300x300.png]
[electricsuper.com.au/investments/investment-targets/index.html]
[electricsuper.com.au/app/uploads/2021/02/Slightly-confident-300x300.png]
[electricsuper.com.au/app/uploads/2021/02/Slightly-cautious-2-300x300.png]
[electricsuper.com.au/app/uploads/2021/02/Cautious-300x300.png]
[electricsuper.com.au/app/uploads/2021/02/Very-cautious-300x300.png]
[electricsuper.com.au/investments/your-investment-style/index.html]
[electricsuper.com.au/app/uploads/2018/12/EISS_043-1920x0-c-default.jpg]
[electricsuper.com.au/app/uploads/2019/02/170904_SPN_PTAUGUSTA_1935-1920x0-c-default.jpg]
[electricsuper.com.au/resources/index.html]
[electricsuper.com.au/app/uploads/2019/01/budget-600x0-c-default.jpg]
[electricsuper.com.au/resources/planning-tools/index.html]
[electricsuper.com.au/app/uploads/2021/02/ElectricSuper_Accumulation-Scheme-Booklet.pdf]
[electricsuper.com.au/app/uploads/2018/11/pdf.svg]
[electricsuper.com.au/app/uploads/2019/02/ETSAC_RG-scheme-booklet-October-2003_OCT10.pdf]
[electricsuper.com.au/app/uploads/2019/02/ETSAC_Pension-scheme-booklet-April-2002_OCT10.pdf]
[electricsuper.com.au/app/uploads/2019/02/ETSAC_Lump-sum-scheme-booklet_OCT10.pdf]
[electricsuper.com.au/app/uploads/2019/02/ETSAC_SchemeSummaryBooklet_OCT10.pdf]
[electricsuper.com.au/app/uploads/2018/11/doc.svg]
[electricsuper.com.au/app/uploads/2021/05/Spouse_Membership_Application_Form.pdf]
[electricsuper.com.au/resources/welcome/index.html]
[electricsuper.com.au/app/uploads/2021/05/Lump-sum-contribution-2.pdf]
[electricsuper.com.au/resources/splitting-super-contributions/index.html]
[electricsuper.com.au/app/uploads/2021/04/online-form.svg]
[electricsuper.com.au/app/uploads/2021/06/Rollover-form.pdf]
[electricsuper.com.au/resources/limits-on-super-contributions/index.html]
[electricsuper.com.au/resources/tax-on-benefits-and-the-contribution-tax-offset/index.html]
[electricsuper.com.au/app/uploads/2020/01/Notice-of-Intent-to-claim-a-deduction-for-personal-super-contributions-form.pdf]
[electricsuper.com.au/app/uploads/2020/10/248080-ElectricSuper-New-Reversionary-Beneficiary-Form-Sept-2020_V2.pdf]
[electricsuper.com.au/app/uploads/2020/02/Investment-Policy-Statement-December-2019.pdf]
[electricsuper.com.au/app/uploads/2021/06/Copy-of-Web-icon-1.png]
[electricsuper.com.au/app/uploads/2021/02/ElectricSuper_Income-Stream-Booklet.pdf]
[electricsuper.com.au/resources/electric-super-investment-beliefs/index.html]
[electricsuper.com.au/app/uploads/2020/03/238897_ElectricSuper-Benefit-Instructions_V9.pdf]
[electricsuper.com.au/app/uploads/2020/01/238893_ElectricSuper-Request-for-Partial_Full-Commutation-Withdrawal_V5.pdf]
[electricsuper.com.au/app/uploads/2021/06/Vary-Pension-Payment-Details.pdf]
[electricsuper.com.au/resources/yourfundforlife/index.html]
[electricsuper.com.au/resources/effect-of-part-time-work-on-superannuation-benefits/index.html]
[electricsuper.com.au/resources/lifetime-pension-payments/index.html]
[electricsuper.com.au/app/uploads/2020/01/238886_ETSAC_Financial-Advice-Fee-Deduction_p_V2.pdf]
[electricsuper.com.au/app/uploads/2020/06/ElectricSuper_Newsletter-Winter-2020_F.pdf]
[electricsuper.com.au/app/uploads/2020/01/ElectricSuper_Newsletter-December-2019_F.pdf]
[electricsuper.com.au/app/uploads/2019/12/EISS_Newletter_March-2019_V4.pdf]
[electricsuper.com.au/app/uploads/2019/02/ETSAC_NewsletterSeptember2018.pdf]
[electricsuper.com.au/app/uploads/2019/02/ETSAC_NewsletterMarch2018.pdf]
[electricsuper.com.au/app/uploads/2019/02/EISS_Newsletter_Nov_2017.pdf]
[electricsuper.com.au/app/uploads/2019/02/ETSAC_NewsletterMay2017.pdf]
[electricsuper.com.au/app/uploads/2019/02/ETSAC_Newsletter_Nov16.pdf]
[electricsuper.com.au/app/uploads/2019/02/ETSAC_NewsletterMay2016.pdf]
[electricsuper.com.au/app/uploads/2020/02/Strategic-Plan-2020-01-01.pdf]
[electricsuper.com.au/app/uploads/2020/10/ElectricSuper_2020AnnualReport_F.pdf]
[electricsuper.com.au/app/uploads/2020/10/Financial-Statements-30-June-2020.pdf]
[electricsuper.com.au/resources/forms-publications/index.html]
[electricsuper.com.au/app/uploads/2019/02/Choice-of-fund-or-portability.pdf]
[electricsuper.com.au/resources/faqs/index.html]
[electricsuper.com.au/app/uploads/2021/03/janko-ferlic-sfL_QOnmy00-unsplash-1920x0-c-default.jpg]
[electricsuper.com.au/resources/electricsuper-library/index28fc.html]
[electricsuper.com.au/resources/electricsuper-library/index0fb4.html]
[electricsuper.com.au/resources/electricsuper-library/index277c.html]
[electricsuper.com.au/resources/electricsuper-library/index1faf.html]
[electricsuper.com.au/app/uploads/2021/05/Copy-of-Federal-Budget-2021-2-600x0-c-default.png]
[electricsuper.com.au/resources/electricsuper-library/indexe86a.html]
[electricsuper.com.au/2021/05/12/federal-budget-update-2021/index.html]
[electricsuper.com.au/resources/electricsuper-library/indexb517.html]
[electricsuper.com.au/app/uploads/2021/03/Untitled-design-600x0-c-default.png]
[electricsuper.com.au/app/uploads/2021/03/Copy-of-Email-header-changes-to-caps-2021-22-1-600x0-c-default.png]
[electricsuper.com.au/2021/03/19/changes-to-contribution-caps-2021-22/index.html]
[electricsuper.com.au/2021/03/19/update-to-the-transfer-balance-cap/index.html]
[electricsuper.com.au/2020/04/15/covid-19-early-release/index.html]
[electricsuper.com.au/app/uploads/2020/04/kelly-sikkema-SBxdMoOY9zM-unsplash-600x0-c-default.jpg]
[electricsuper.com.au/app/uploads/2021/05/Blog-Considering-a-break-from-work-image_-600x0-c-default.png]
[electricsuper.com.au/app/uploads/2021/05/Image-Work-breaks-600x0-c-default.png]
[electricsuper.com.au/app/uploads/2021/03/blog-Stay-600x0-c-default.png]
[electricsuper.com.au/app/uploads/2021/03/Blog-post-take-us-with-you-600x0-c-default.png]
[electricsuper.com.au/2021/05/13/work-breaks/index.html]
[electricsuper.com.au/2021/05/03/starting-a-family/index.html]
[electricsuper.com.au/2021/03/19/stay-with-us-even-with-a-new-job/index.html]
[electricsuper.com.au/app/uploads/2021/05/Insurance-image-600x0-c-default.png]
[electricsuper.com.au/2021/03/19/changing-jobs-no-need-to-change-your-super/index.html]
[electricsuper.com.au/app/uploads/2021/05/Am-I-on-track-600x0-c-default.png]
[electricsuper.com.au/2021/05/13/do-you-have-enough-insurance/index.html]
[electricsuper.com.au/2021/05/03/am-i-on-track/index.html]
[electricsuper.com.au/2021/03/19/spouse-accounts/index.html]
[electricsuper.com.au/app/uploads/2021/03/Copy-of-Copy-of-Spouse-accounts-600x0-c-default.png]
[electricsuper.com.au/app/uploads/2021/05/Prepare-for-life-in-retirement-600x0-c-default.png]
[electricsuper.com.au/app/uploads/2021/05/early-retirement-600x0-c-default.png]
[electricsuper.com.au/2021/05/13/when-retiring-early-is-the-norm/index.html]
[electricsuper.com.au/2021/05/13/retirement-is-about-more-than-money/index.html]
[electricsuper.com.au/app/uploads/2021/03/Income-Stream-600x0-c-default.png]
[electricsuper.com.au/2021/03/30/what-is-an-income-stream-or-allocated-pension/index.html]
[electricsuper.com.au/app/uploads/2021/03/Copy-of-Your-investment-choice-600x0-c-default.png]
[electricsuper.com.au/2021/03/19/your-investment-choice/index.html]
[electricsuper.com.au/app/uploads/2021/04/Staying-the-course-COVID19-600x0-c-default.png]
[electricsuper.com.au/app/uploads/2021/03/melissa-walker-horn-Pp8bKaL5JFI-unsplash-600x0-c-default.jpg]
[electricsuper.com.au/2020/04/09/covid-19-staying-the-course/index.html]
[electricsuper.com.au/app/uploads/2019/08/bank-phrom-Tzm3Oyu_6sk-unsplash-600x0-c-default.jpg]
[electricsuper.com.au/2019/08/08/press-release-lanyon-asset-management-picks-up-investment-mandate-from-the-electricity-industry-superannuation-scheme/index.html]
[electricsuper.com.au/2020/03/16/coronavirus-update/index.html]
[electricsuper.com.au/resources/electricsuper-library/index.html]
[electricsuper.com.au/app/uploads/2019/03/DSC_7766-1920x0-c-default.jpg]
[electricsuper.com.au/app/uploads/2019/02/EISS_035-600x0-c-default.jpg]
[electricsuper.com.au/about-us/index.html]
[electricsuper.com.au/about-us/fees/index.html]
[electricsuper.com.au/app/uploads/2019/03/peter-siebels-600x0-c-default.jpg]
[electricsuper.com.au/app/uploads/2021/02/Makinson-Patrick-Bk-ELECTRIC-SUPER-1154-LEE-KNOWLES-PHOTOGRAPHER-LO-RES-600x0-c-default.jpg]
[electricsuper.com.au/app/uploads/2021/02/Bettcher-Janette-Bk-ELECTRIC-SUPER-1104-LEE-KNOWLES-PHOTOGRAPHER-LO-RES-600x0-c-default.jpg]
[electricsuper.com.au/app/uploads/2021/02/Wight-Paul-Bk-ELECTRIC-SUPER-1170-LEE-KNOWLES-PHOTOGRAPHER-LO-RES-600x0-c-default.jpg]
[electricsuper.com.au/app/uploads/2021/02/Vincent-Mark-Bk-ELECTRIC-SUPER-1209-LEE-KNOWLES-PHOTOGRAPHER-LO-RES-600x0-c-default.jpg]
[electricsuper.com.au/app/uploads/2019/02/2017-12-02_Kylie-Johnson-022-600x0-c-default.jpg]
[electricsuper.com.au/app/uploads/2021/02/Cowen-Scott-Bk-ELECTRIC-SUPER-1092-LEE-KNOWLES-PHOTOGRAPHER-LO-RES-600x0-c-default.jpg]
[electricsuper.com.au/app/uploads/2021/02/Adley-John-Bk-ELECTRIC-SUPER-1253-LEE-KNOWLES-PHOTOGRAPHER-LO-RES-600x0-c-default.jpg]
[electricsuper.com.au/app/uploads/2021/04/Untitled-design-1-600x0-c-default.png]
[electricsuper.com.au/app/uploads/2019/03/DSC_7156-1920x0-c-default.jpg]
[electricsuper.com.au/app/uploads/2019/03/EISS_006-1920x0-c-default.jpg]
[electricsuper.com.au/app/uploads/2019/03/DSC_7557-1920x0-c-default.jpg]
[electricsuper.com.au/about-us/governance/index.html]
[electricsuper.com.au/app/uploads/2019/03/IMG_8039-1920x0-c-default.jpg]
[electricsuper.com.au/app/uploads/2019/03/Member-Booklet-1920x0-c-default.jpg]
[electricsuper.com.au/about-us/accumulation-scheme/index.html]
[electricsuper.com.au/app/uploads/2019/01/EISS_059-2-1920x0-c-default.jpg]
[electricsuper.com.au/app/plugins/ninja-forms-layout-styles/layouts/assets/css/display-structure1061.css]
[electricsuper.com.au/app/plugins/ninja-forms-multi-part/assets/css/display-structure9f31.css]
[electricsuper.com.au/wp/wp-includes/js/underscore.min4511.js]
[electricsuper.com.au/wp/wp-includes/js/backbone.min2fca.js]
[electricsuper.com.au/app/plugins/ninja-forms/assets/js/min/front-end-depse248.js]
[electricsuper.com.au/app/plugins/ninja-forms/assets/js/min/front-ende248.js]
[electricsuper.com.au/app/plugins/ninja-forms-conditionals/assets/js/min/front-end9f31.js]
[electricsuper.com.au/app/plugins/ninja-forms-layout-styles/layouts/assets/js/min/front-end1061.js]
[electricsuper.com.au/app/plugins/ninja-forms-multi-part/assets/js/min/front-end09f3.js]
[electricsuper.com.au/contact/index.html]
[electricsuper.com.au/members/my-journey-become-a-member/index.html]
[electricsuper.com.au/app/uploads/2019/02/icon-investment.svg]
[electricsuper.com.au/app/uploads/2019/02/icon-fees.svg]
[electricsuper.com.au/app/uploads/2019/02/icon-services.svg]
[electricsuper.com.au/my-journey-working/index.html]
[electricsuper.com.au/my-journey-preparing-to-retire/index.html]
[electricsuper.com.au/my-journey-retired/index.html]
[electricsuper.com.au/app/themes/tde/assets/img/logo.svg]
[electricsuper.com.au/Array.html]
[electricsuper.com.au/app/themes/tde/assets/img/tde-logo-navy-nokeyline.svg]
[electricsuper.com.au/app/themes/tde/assets/font/fontello/font/fontello91ab.svg]
[electricsuper.com.au/app/themes/tde/assets/font/star/font/star.svg]
[electricsuper.com.au/meet-with-us/Array.html]
[electricsuper.com.au/app/uploads/2021/03/ES-Proof-of-Identity-How-to-certify-documents-example.png]
[electricsuper.com.au/resources/completing-proof-of-identity/index.html]
[electricsuper.com.au/super/Array.html]
[electricsuper.com.au/super/my-journey-become-a-member/Array.html]
[electricsuper.com.au/members/spouse/index.html]
[electricsuper.com.au/super/services/Array.html]
[electricsuper.com.au/resources/vary-regular-contributions/index.html]
[electricsuper.com.au/members/life-changes/index.html]
[electricsuper.com.au/my-super/how-much-will-i-need/index.html]
[electricsuper.com.au/super/contributions/Array.html]
[electricsuper.com.au/members/contributions/index.html]
[electricsuper.com.au/members/beneficiaries/index.html]
[electricsuper.com.au/members/life-changes/marriage-family/index.html]
[electricsuper.com.au/super/spouse/Array.html]
[electricsuper.com.au/members/insurance/index.html]
[electricsuper.com.au/super/consolidate/Array.html]
[electricsuper.com.au/super/beneficiaries/Array.html]
[electricsuper.com.au/members/insurance/death-tpd/index.html]
[electricsuper.com.au/members/insurance/income-protection/index.html]
[electricsuper.com.au/super/insurance/Array.html]
[electricsuper.com.au/app/uploads/2020/04/238898_ElectricSuper-Binding-Death-Benefit-Nomination_V8.pdf]
[electricsuper.com.au/resources/accumulation-scheme-retained-insurance-benefits/index.html]
[electricsuper.com.au/resources/accumulation-scheme-spouse-insurance-benefits/index.html]
[electricsuper.com.au/super/insurance/death-tpd/Array.html]
[electricsuper.com.au/app/uploads/2020/01/238888_ETSAC_Adjusting-Insurance-Cover_V5.pdf]
[electricsuper.com.au/resources/accumulation-scheme-division-5-insurance-benefits/index.html]
[electricsuper.com.au/super/insurance/income-protection/Array.html]
[electricsuper.com.au/members/life-changes/changing-jobs/index.html]
[electricsuper.com.au/members/life-changes/buying-a-home/index.html]
[electricsuper.com.au/members/my-life-changes/separation-divorce/index.html]
[electricsuper.com.au/members/my-life-changes/financial-hardship/index.html]
[electricsuper.com.au/super/life-changes/Array.html]
[electricsuper.com.au/super/life-changes/changing-jobs/Array.html]
[electricsuper.com.au/super/life-changes/buying-a-home/Array.html]
[electricsuper.com.au/super/life-changes/marriage-family/Array.html]
[electricsuper.com.au/super/life-changes/separation-divorce/Array.html]
[electricsuper.com.au/super/life-changes/financial-hardship/Array.html]
[electricsuper.com.au/retirement/Array.html]
[electricsuper.com.au/retirement/how-much-will-i-need/Array.html]
[electricsuper.com.au/retirement/income/Array.html]
[electricsuper.com.au/retirement/income/retirement-income-stream/Array.html]
[electricsuper.com.au/retirement/income/transition-to-retirement/Array.html]
[electricsuper.com.au/retirement/advice/Array.html]
[electricsuper.com.au/retirement/social-services/Array.html]
[electricsuper.com.au/retirement/lifestyle/Array.html]
[electricsuper.com.au/investments/Array.html]
[electricsuper.com.au/app/uploads/2019/03/DeathtoStock_EnergyandSerenity4-1920x0-c-default.jpg]
[electricsuper.com.au/app/uploads/2019/03/DeathtoStock_Lost2-1920x0-c-default.jpg]
[electricsuper.com.au/resources/investment-choice/index.html]
[electricsuper.com.au/investments/options/lava/Lava.html]
[electricsuper.com.au/investments/options/Errors.html]
[electricsuper.com.au/investments/options/Chart.html]
[electricsuper.com.au/investments/options/Dashboard.html]
[electricsuper.com.au/investments/options/Array.html]
[electricsuper.com.au/investments/performance/Array.html]
[electricsuper.com.au/investments/investment-targets/index.html]
[electricsuper.com.au/investments/your-investment-style/Array.html]
[electricsuper.com.au/resources/Array.html]
[electricsuper.com.au/resources/planning-tools/Array.html]
[electricsuper.com.au/app/uploads/2018/11/pdf.svg]
[electricsuper.com.au/resources/welcome/index.html]
[electricsuper.com.au/app/uploads/2018/11/doc.svg]
[electricsuper.com.au/app/uploads/2020/01/238877_ETSAC_Contributions-Splitting-App_V4.pdf]
[electricsuper.com.au/resources/splitting-super-contributions/index.html]
[electricsuper.com.au/app/uploads/2021/02/Concessional-Contributions-FactSheet_InfoGraphic.png]
[electricsuper.com.au/resources/limits-on-super-contributions/index.html]
[electricsuper.com.au/resources/tax-on-benefits-and-the-contribution-tax-offset/index.html]
[electricsuper.com.au/app/uploads/2021/04/online-form.svg]
[electricsuper.com.au/resources/electric-super-investment-beliefs/index.html]
[electricsuper.com.au/resources/yourfundforlife/index.html]
[electricsuper.com.au/resources/effect-of-part-time-work-on-superannuation-benefits/index.html]
[electricsuper.com.au/resources/lifetime-pension-payments/index.html]
[electricsuper.com.au/resources/forms-publications/Array.html]
[electricsuper.com.au/resources/faqs/Array.html]
[electricsuper.com.au/app/uploads/2021/03/Reunite-your-super-blog-pic-600x0-c-default.png]
[electricsuper.com.au/resources/electricsuper-library/index28fc.html]
[electricsuper.com.au/resources/electricsuper-library/index277c.html]
[electricsuper.com.au/resources/electricsuper-library/index0fb4.html]
[electricsuper.com.au/resources/electricsuper-library/index1faf.html]
[electricsuper.com.au/resources/electricsuper-library/indexe86a.html]
[electricsuper.com.au/resources/electricsuper-library/indexb517.html]
[electricsuper.com.au/app/uploads/2021/05/Copy-of-Federal-Budget-2021-2-1920x0-c-default.png]
[electricsuper.com.au/app/uploads/2021/05/Am-I-on-track-800x0-c-default.png]
[electricsuper.com.au/2021/03/18/reunite-your-super/index.html]
[electricsuper.com.au/app/uploads/2021/05/Am-I-on-track-1920x0-c-default.png]
[electricsuper.com.au/app/uploads/2021/05/early-retirement-800x0-c-default.png]
[electricsuper.com.au/app/uploads/2021/05/early-retirement-1920x0-c-default.png]
[electricsuper.com.au/2021/05/12/federal-budget-update-2021/index.html]
[electricsuper.com.au/wp/wp-includes/js/comment-reply.min9f31.js]
[electricsuper.com.au/app/uploads/2021/03/Untitled-design-1920x0-c-default.png]
[electricsuper.com.au/app/uploads/2021/03/Copy-of-Email-header-changes-to-caps-2021-22-1-800x0-c-default.png]
[electricsuper.com.au/app/uploads/2021/03/Copy-of-Email-header-changes-to-caps-2021-22-1-1920x0-c-default.png]
[electricsuper.com.au/app/uploads/2021/03/Income-Stream-800x0-c-default.png]
[electricsuper.com.au/app/uploads/2021/03/Income-Stream-1920x0-c-default.png]
[electricsuper.com.au/2021/03/19/changes-to-contribution-caps-2021-22/index.html]
[electricsuper.com.au/app/uploads/2021/03/blog-Stay-800x0-c-default.png]
[electricsuper.com.au/app/uploads/2021/03/blog-Stay-1920x0-c-default.png]
[electricsuper.com.au/app/uploads/2021/03/Untitled-design-800x0-c-default.png]
[electricsuper.com.au/2021/03/19/update-to-the-transfer-balance-cap/index.html]
[electricsuper.com.au/app/uploads/2020/04/kelly-sikkema-SBxdMoOY9zM-unsplash-1920x0-c-default.jpg]
[electricsuper.com.au/app/uploads/2021/04/Staying-the-course-COVID19-800x0-c-default.png]
[electricsuper.com.au/app/uploads/2021/04/Staying-the-course-COVID19-1920x0-c-default.png]
[electricsuper.com.au/app/uploads/2021/03/Reunite-your-super-blog-pic-800x0-c-default.png]
[electricsuper.com.au/app/uploads/2021/03/Reunite-your-super-blog-pic-1920x0-c-default.png]
[electricsuper.com.au/2020/04/15/covid-19-early-release/index.html]
[electricsuper.com.au/app/uploads/2021/05/Blog-Considering-a-break-from-work-image_-1920x0-c-default.png]
[electricsuper.com.au/app/uploads/2021/05/Prepare-for-life-in-retirement-800x0-c-default.png]
[electricsuper.com.au/app/uploads/2021/05/Prepare-for-life-in-retirement-1920x0-c-default.png]
[electricsuper.com.au/2021/05/13/work-breaks/index.html]
[electricsuper.com.au/app/uploads/2021/05/Image-Work-breaks-1920x0-c-default.png]
[electricsuper.com.au/app/uploads/2021/05/Add-a-heading-1-300x169.png]
[electricsuper.com.au/2021/05/03/starting-a-family/index.html]
[electricsuper.com.au/app/uploads/2021/03/Copy-of-Copy-of-Spouse-accounts-800x0-c-default.png]
[electricsuper.com.au/app/uploads/2021/03/Copy-of-Copy-of-Spouse-accounts-1920x0-c-default.png]
[electricsuper.com.au/2021/03/19/stay-with-us-even-with-a-new-job/index.html]
[electricsuper.com.au/app/uploads/2021/03/Blog-post-take-us-with-you-1920x0-c-default.png]
[electricsuper.com.au/app/uploads/2021/03/Copy-of-Your-investment-choice-800x0-c-default.png]
[electricsuper.com.au/app/uploads/2021/03/Copy-of-Your-investment-choice-1920x0-c-default.png]
[electricsuper.com.au/2021/03/19/changing-jobs-no-need-to-change-your-super/index.html]
[electricsuper.com.au/app/uploads/2021/05/Insurance-image-1920x0-c-default.png]
[electricsuper.com.au/2021/05/13/do-you-have-enough-insurance/index.html]
[electricsuper.com.au/app/uploads/2020/01/238876_ElectricSuper-Request-to-vary-reg-conts_V2.pdf]
[electricsuper.com.au/app/uploads/2020/08/247130-ElectricSuper-Lump-Sum-Contributions-Form-Aug-2020_v1.pdf]
[electricsuper.com.au/app/uploads/2021/05/Image-Work-breaks-800x0-c-default.png]
[electricsuper.com.au/app/uploads/2021/05/Copy-of-Federal-Budget-2021-2-800x0-c-default.png]
[electricsuper.com.au/2021/05/03/am-i-on-track/index.html]
[electricsuper.com.au/app/uploads/2020/01/238881-ETSAC-Spouse-Membership-Application-Form_V2.pdf]
[electricsuper.com.au/2021/03/19/spouse-accounts/index.html]
[electricsuper.com.au/app/uploads/2021/05/Insurance-image-800x0-c-default.png]
[electricsuper.com.au/app/uploads/2021/05/Blog-Considering-a-break-from-work-image_-800x0-c-default.png]
[electricsuper.com.au/2021/05/13/retirement-is-about-more-than-money/index.html]
[electricsuper.com.au/app/uploads/2021/05/Image-55.4-years-300x300.png]
[electricsuper.com.au/2021/05/13/when-retiring-early-is-the-norm/index.html]
[electricsuper.com.au/2021/03/30/what-is-an-income-stream-or-allocated-pension/index.html]
[electricsuper.com.au/app/uploads/2020/03/ElectricSuper_Investment-Choice-FactSheet_0320_AW.pdf]
[electricsuper.com.au/app/uploads/2021/03/Blog-post-take-us-with-you-800x0-c-default.png]
[electricsuper.com.au/2021/03/19/your-investment-choice/index.html]
[electricsuper.com.au/app/uploads/2021/03/melissa-walker-horn-Pp8bKaL5JFI-unsplash-800x0-c-default.jpg]
[electricsuper.com.au/app/uploads/2021/03/melissa-walker-horn-Pp8bKaL5JFI-unsplash-1920x0-c-default.jpg]
[electricsuper.com.au/app/uploads/2020/04/kelly-sikkema-SBxdMoOY9zM-unsplash-800x0-c-default.jpg]
[electricsuper.com.au/2020/04/09/covid-19-staying-the-course/index.html]
[electricsuper.com.au/app/uploads/2019/08/bank-phrom-Tzm3Oyu_6sk-unsplash-800x0-c-default.jpg]
[electricsuper.com.au/app/uploads/2019/08/bank-phrom-Tzm3Oyu_6sk-unsplash-1920x0-c-default.jpg]
[electricsuper.com.au/2020/03/16/coronavirus-update/index.html]
[electricsuper.com.au/app/uploads/2019/08/David-Prescott-300x170.png]
[electricsuper.com.au/2019/08/08/press-release-lanyon-asset-management-picks-up-investment-mandate-from-the-electricity-industry-superannuation-scheme/index.html]
[electricsuper.com.au/resources/electricsuper-library/Array.html]
[electricsuper.com.au/about-us/Array.html]
[electricsuper.com.au/about-us/fees/Array.html]
[electricsuper.com.au/about-us/governance/Array.html]
[electricsuper.com.au/about-us/accumulation-scheme/Array.html]
[electricsuper.com.au/contact/Array.html]
[electricsuper.com.au/app/plugins/ninja-forms-layout-styles/layouts/assets/css/display-structure1061.css]
[electricsuper.com.au/app/plugins/ninja-forms-multi-part/assets/css/display-structure9f31.css]
[electricsuper.com.au/my-journey-working/Array.html]
[electricsuper.com.au/my-journey-preparing-to-retire/Array.html]
[electricsuper.com.au/my-journey-retired/Array.html]
[electricsuper.com.au/resources/completing-proof-of-identity/Array.html]
[electricsuper.com.au/resources/vary-regular-contributions/Array.html]
[electricsuper.com.au/resources/accumulation-scheme-retained-insurance-benefits/Array.html]
[electricsuper.com.au/resources/accumulation-scheme-spouse-insurance-benefits/Array.html]
[electricsuper.com.au/resources/accumulation-scheme-division-5-insurance-benefits/Array.html]
[electricsuper.com.au/resources/investment-choice/Array.html]
[electricsuper.com.au/investments/investment-targets/Array.html]
[electricsuper.com.au/resources/welcome/Array.html]
[electricsuper.com.au/resources/splitting-super-contributions/Array.html]
[electricsuper.com.au/resources/limits-on-super-contributions/Array.html]
[electricsuper.com.au/resources/tax-on-benefits-and-the-contribution-tax-offset/Array.html]
[electricsuper.com.au/resources/electric-super-investment-beliefs/Array.html]
[electricsuper.com.au/resources/yourfundforlife/Array.html]
[electricsuper.com.au/resources/effect-of-part-time-work-on-superannuation-benefits/Array.html]
[electricsuper.com.au/resources/lifetime-pension-payments/Array.html]
[electricsuper.com.au/2021/03/18/reunite-your-super/index.html]
[electricsuper.com.au/resources/news/index.html]
[electricsuper.com.au/2021/05/12/federal-budget-update-2021/Array.html]
[electricsuper.com.au/2021/03/19/changes-to-contribution-caps-2021-22/Array.html]
[electricsuper.com.au/2021/03/19/update-to-the-transfer-balance-cap/Array.html]
[electricsuper.com.au/2020/04/15/covid-19-early-release/Array.html]
[electricsuper.com.au/2021/05/13/work-breaks/Array.html]
[electricsuper.com.au/2021/05/03/starting-a-family/Array.html]
[electricsuper.com.au/2021/03/19/stay-with-us-even-with-a-new-job/Array.html]
[electricsuper.com.au/2021/03/19/changing-jobs-no-need-to-change-your-super/Array.html]
[electricsuper.com.au/2021/05/13/do-you-have-enough-insurance/Array.html]
[electricsuper.com.au/2021/05/03/am-i-on-track/Array.html]
[electricsuper.com.au/2021/03/19/spouse-accounts/Array.html]
[electricsuper.com.au/2021/05/13/retirement-is-about-more-than-money/Array.html]
[electricsuper.com.au/2021/05/13/when-retiring-early-is-the-norm/Array.html]
[electricsuper.com.au/2021/03/30/what-is-an-income-stream-or-allocated-pension/Array.html]
[electricsuper.com.au/2021/03/19/your-investment-choice/Array.html]
[electricsuper.com.au/2020/04/09/covid-19-staying-the-course/Array.html]
[electricsuper.com.au/2020/03/16/coronavirus-update/Array.html]
[electricsuper.com.au/2019/08/08/press-release-lanyon-asset-management-picks-up-investment-mandate-from-the-electricity-industry-superannuation-scheme/Array.html]
[electricsuper.com.au/2021/03/18/reunite-your-super/Array.html]
